// Jest Snapshot v1, https://goo.gl/fbAQLP

exports[`parseOptions 1`] = `
Object {
  "debug": true,
  "env": "live",
  "server": true,
  "token": "token",
  "tokens": Array [
    "token1",
    "token2",
  ],
}
`;

exports[`parseOptions defaults 1`] = `
Object {
  "debug": true,
  "env": "live",
  "server": true,
  "token": "token",
  "tokens": Array [
    "token1",
    "token2",
  ],
}
`;
