// Jest Snapshot v1, https://goo.gl/fbAQLP

exports[`handleMessage invalid response 1`] = `
Array [
  Array [
    Object {
      "channel": "sequence",
      "method": "method",
      "orderHash": "0xOrderHash",
      "pair": "pair",
      "sequence": 1,
      "status": "ok",
    },
    "method|pair|0xOrderHash",
    Object {
      "liveOrder": Object {
        "orderHash": "0xOrderHash",
      },
    },
  ],
]
`;

exports[`requestSequence 1`] = `
Array [
  Array [
    "{\\"method\\":\\"method\\",\\"channel\\":\\"sequence\\",\\"pair\\":\\"pair\\",\\"orderHash\\":\\"0xOrderHash\\"}",
  ],
]
`;
